0x7ffe4a9cc1f8 1 uint64_t
Count 304009
The num of consistent variable is 1
The num of array we care is 0
